12:39:32 **** Incremental Build of configuration Debug for project MCU-program ****
make -j12 all 
arm-none-eabi-gcc "../Core/Src/main.c" -mcpu=cortex-m7 -std=gnu11 -g3 -DDEBUG -DUSE_HAL_DRIVER -DSTM32F746xx -c -I../Core/Inc -I../Drivers/STM32F7xx_HAL_Driver/Inc -I../Drivers/STM32F7xx_HAL_Driver/Inc/Legacy -I../Drivers/CMSIS/Device/ST/STM32F7xx/Include -I../Drivers/CMSIS/Include -O0 -ffunction-sections -fdata-sections -Wall -fstack-usage -MMD -MP -MF"Core/Src/main.d" -MT"Core/Src/main.o" --specs=nano.specs -mfpu=fpv5-sp-d16 -mfloat-abi=hard -mthumb -o "Core/Src/main.o"
arm-none-eabi-gcc -o "MCU-program.elf" @"objects.list"   -mcpu=cortex-m7 -T"C:\Users\mgmil\Documents\needle-position-control-system\MCU\MCU-program\STM32F746ZGTX_FLASH.ld" --specs=nosys.specs -Wl,-Map="MCU-program.map" -Wl,--gc-sections -static --specs=nano.specs -mfpu=fpv5-sp-d16 -mfloat-abi=hard -mthumb -u _printf_float -Wl,--start-group -lc -lm -Wl,--end-group
Finished building target: MCU-program.elf
 
arm-none-eabi-size   MCU-program.elf 
arm-none-eabi-objdump -h -S  MCU-program.elf  > "MCU-program.list"
   text	   data	    bss	    dec	    hex	filename
  50168	    668	   3620	  54456	   d4b8	MCU-program.elf
Finished building: default.size.stdout
 
Finished building: MCU-program.list
 
