12:09:50 **** Incremental Build of configuration Debug for project MCU-RTOS ****
make -j12 all 
arm-none-eabi-size   MCU-RTOS.elf 
   text	   data	    bss	    dec	    hex	filename
  65504	    128	  42008	 107640	  1a478	MCU-RTOS.elf
Finished building: default.size.stdout
 
12:09:56 **** Incremental Build of configuration Debug for project MCU-RTOS ****
make -j12 all 
arm-none-eabi-size   MCU-RTOS.elf 
   text	   data	    bss	    dec	    hex	filename
  65504	    128	  42008	 107640	  1a478	MCU-RTOS.elf
Finished building: default.size.stdout
 
