11:41:09 **** Incremental Build of configuration Debug for project MCU-RTOS ****
make -j12 all 
arm-none-eabi-size   MCU-RTOS.elf 
   text	   data	    bss	    dec	    hex	filename
  62888	    128	  39000	 102016	  18e80	MCU-RTOS.elf
Finished building: default.size.stdout
 
11:41:14 **** Incremental Build of configuration Debug for project MCU-RTOS ****
make -j12 all 
arm-none-eabi-size   MCU-RTOS.elf 
   text	   data	    bss	    dec	    hex	filename
  62888	    128	  39000	 102016	  18e80	MCU-RTOS.elf
Finished building: default.size.stdout
 
